[2026-10-03T10:47:54.205+0000] {manager.py:469} INFO - Processing files using up to 2 processes at a time 
[2026-10-03T10:47:54.206+0000] {manager.py:470} INFO - Process each file at most once every 10 seconds
[2026-10-03T10:47:54.207+0000] {manager.py:471} INFO - Checking for new files in /opt/airflow/dags every 300 seconds
[2026-10-03T10:47:54.209+0000] {manager.py:738} INFO - Searching for files in /opt/airflow/dags
[2026-10-03T10:47:54.211+0000] {manager.py:741} INFO - There are 0 files in /opt/airflow/dags
[2026-10-03T11:01:20.365+0000] {manager.py:469} INFO - Processing files using up to 2 processes at a time 
[2026-10-03T11:01:20.365+0000] {manager.py:470} INFO - Process each file at most once every 10 seconds
[2026-10-03T11:01:20.365+0000] {manager.py:471} INFO - Checking for new files in /opt/airflow/dags every 300 seconds
[2026-10-03T11:01:20.366+0000] {manager.py:738} INFO - Searching for files in /opt/airflow/dags
[2026-10-03T11:01:20.366+0000] {manager.py:741} INFO - There are 0 files in /opt/airflow/dags
[2026-10-03T11:04:31.509+0000] {manager.py:451} INFO - Exiting gracefully upon receiving signal 15
[2026-10-03T11:23:23.179+0000] {manager.py:469} INFO - Processing files using up to 2 processes at a time 
[2026-10-03T11:23:23.181+0000] {manager.py:470} INFO - Process each file at most once every 10 seconds
[2026-10-03T11:23:23.181+0000] {manager.py:471} INFO - Checking for new files in /opt/airflow/dags every 300 seconds
[2026-10-03T11:23:23.181+0000] {manager.py:738} INFO - Searching for files in /opt/airflow/dags
[2026-10-03T11:23:23.185+0000] {manager.py:741} INFO - There are 0 files in /opt/airflow/dags
[2026-10-03T11:28:24.012+0000] {manager.py:738} INFO - Searching for files in /opt/airflow/dags
[2026-10-03T11:28:24.018+0000] {manager.py:741} INFO - There are 0 files in /opt/airflow/dags
[2026-10-03T11:33:24.591+0000] {manager.py:738} INFO - Searching for files in /opt/airflow/dags
[2026-10-03T11:33:24.596+0000] {manager.py:741} INFO - There are 0 files in /opt/airflow/dags
[2026-10-03T11:38:25.131+0000] {manager.py:738} INFO - Searching for files in /opt/airflow/dags
[2026-10-03T11:38:25.139+0000] {manager.py:741} INFO - There are 0 files in /opt/airflow/dags
[2026-10-03T11:45:54.148+0000] {manager.py:738} INFO - Searching for files in /opt/airflow/dags
[2026-10-03T11:45:54.152+0000] {manager.py:741} INFO - There are 0 files in /opt/airflow/dags
[2026-10-03T11:53:12.377+0000] {manager.py:738} INFO - Searching for files in /opt/airflow/dags
[2026-10-03T11:53:12.382+0000] {manager.py:741} INFO - There are 0 files in /opt/airflow/dags
[2026-10-03T11:58:12.770+0000] {manager.py:738} INFO - Searching for files in /opt/airflow/dags
[2026-10-03T11:58:12.778+0000] {manager.py:741} INFO - There are 0 files in /opt/airflow/dags
[2026-10-03T12:03:13.417+0000] {manager.py:738} INFO - Searching for files in /opt/airflow/dags
[2026-10-03T12:03:13.421+0000] {manager.py:741} INFO - There are 0 files in /opt/airflow/dags
[2026-10-03T12:13:14.944+0000] {manager.py:738} INFO - Searching for files in /opt/airflow/dags
[2026-10-03T12:13:14.946+0000] {manager.py:741} INFO - There are 0 files in /opt/airflow/dags
[2026-10-03T12:28:43.122+0000] {manager.py:738} INFO - Searching for files in /opt/airflow/dags
[2026-10-03T12:28:43.123+0000] {manager.py:741} INFO - There are 0 files in /opt/airflow/dags
[2026-10-03T12:45:59.734+0000] {manager.py:738} INFO - Searching for files in /opt/airflow/dags
[2026-10-03T12:45:59.737+0000] {manager.py:741} INFO - There are 0 files in /opt/airflow/dags
[2026-10-03T12:50:59.925+0000] {manager.py:738} INFO - Searching for files in /opt/airflow/dags
[2026-10-03T12:50:59.930+0000] {manager.py:741} INFO - There are 0 files in /opt/airflow/dags
[2026-10-03T13:07:18.725+0000] {manager.py:738} INFO - Searching for files in /opt/airflow/dags
[2026-10-03T13:07:18.728+0000] {manager.py:741} INFO - There are 0 files in /opt/airflow/dags
[2026-10-03T13:12:19.583+0000] {manager.py:738} INFO - Searching for files in /opt/airflow/dags
[2026-10-03T13:12:19.586+0000] {manager.py:741} INFO - There are 0 files in /opt/airflow/dags
[2026-10-03T13:17:20.082+0000] {manager.py:738} INFO - Searching for files in /opt/airflow/dags
[2026-10-03T13:17:20.089+0000] {manager.py:741} INFO - There are 0 files in /opt/airflow/dags
[2026-10-03T13:22:20.765+0000] {manager.py:738} INFO - Searching for files in /opt/airflow/dags
[2026-10-03T13:22:20.770+0000] {manager.py:741} INFO - There are 0 files in /opt/airflow/dags
[2026-10-03T13:27:21.097+0000] {manager.py:738} INFO - Searching for files in /opt/airflow/dags
[2026-10-03T13:27:21.101+0000] {manager.py:741} INFO - There are 0 files in /opt/airflow/dags
[2026-10-03T13:44:10.990+0000] {manager.py:738} INFO - Searching for files in /opt/airflow/dags
[2026-10-03T13:44:10.999+0000] {manager.py:741} INFO - There are 0 files in /opt/airflow/dags
[2026-10-03T13:51:36.368+0000] {manager.py:738} INFO - Searching for files in /opt/airflow/dags
[2026-10-03T13:51:36.375+0000] {manager.py:741} INFO - There are 0 files in /opt/airflow/dags
[2026-10-03T14:02:09.022+0000] {manager.py:738} INFO - Searching for files in /opt/airflow/dags
[2026-10-03T14:02:09.025+0000] {manager.py:741} INFO - There are 0 files in /opt/airflow/dags
[2026-10-03T14:19:33.882+0000] {manager.py:738} INFO - Searching for files in /opt/airflow/dags
[2026-10-03T14:19:33.889+0000] {manager.py:741} INFO - There are 0 files in /opt/airflow/dags
[2026-10-03T14:24:46.788+0000] {manager.py:738} INFO - Searching for files in /opt/airflow/dags
[2026-10-03T14:24:46.797+0000] {manager.py:741} INFO - There are 0 files in /opt/airflow/dags
[2026-10-03T14:42:00.300+0000] {manager.py:738} INFO - Searching for files in /opt/airflow/dags
[2026-10-03T14:42:00.306+0000] {manager.py:741} INFO - There are 0 files in /opt/airflow/dags
[2026-10-03T14:59:08.299+0000] {manager.py:738} INFO - Searching for files in /opt/airflow/dags
[2026-10-03T14:59:08.305+0000] {manager.py:741} INFO - There are 0 files in /opt/airflow/dags
[2026-10-03T15:10:19.348+0000] {manager.py:738} INFO - Searching for files in /opt/airflow/dags
[2026-10-03T15:10:19.355+0000] {manager.py:741} INFO - There are 0 files in /opt/airflow/dags
[2026-10-03T15:27:10.542+0000] {manager.py:738} INFO - Searching for files in /opt/airflow/dags
[2026-10-03T15:27:10.546+0000] {manager.py:741} INFO - There are 0 files in /opt/airflow/dags
[2026-10-03T15:32:24.244+0000] {manager.py:738} INFO - Searching for files in /opt/airflow/dags
[2026-10-03T15:32:24.249+0000] {manager.py:741} INFO - There are 0 files in /opt/airflow/dags
[2026-10-03T15:38:14.007+0000] {manager.py:738} INFO - Searching for files in /opt/airflow/dags
[2026-10-03T15:38:14.011+0000] {manager.py:741} INFO - There are 0 files in /opt/airflow/dags
[2026-10-03T15:56:05.401+0000] {manager.py:738} INFO - Searching for files in /opt/airflow/dags
[2026-10-03T15:56:05.408+0000] {manager.py:741} INFO - There are 0 files in /opt/airflow/dags
[2026-10-03T16:05:42.378+0000] {manager.py:738} INFO - Searching for files in /opt/airflow/dags
[2026-10-03T16:05:42.382+0000] {manager.py:741} INFO - There are 0 files in /opt/airflow/dags
[2026-10-03T16:21:44.217+0000] {manager.py:738} INFO - Searching for files in /opt/airflow/dags
[2026-10-03T16:21:44.223+0000] {manager.py:741} INFO - There are 0 files in /opt/airflow/dags
[2026-10-03T16:38:15.259+0000] {manager.py:738} INFO - Searching for files in /opt/airflow/dags
[2026-10-03T16:38:15.264+0000] {manager.py:741} INFO - There are 0 files in /opt/airflow/dags
[2026-10-03T16:54:42.982+0000] {manager.py:738} INFO - Searching for files in /opt/airflow/dags
[2026-10-03T16:54:42.984+0000] {manager.py:741} INFO - There are 0 files in /opt/airflow/dags
[2026-10-03T17:11:11.232+0000] {manager.py:738} INFO - Searching for files in /opt/airflow/dags
[2026-10-03T17:11:11.236+0000] {manager.py:741} INFO - There are 0 files in /opt/airflow/dags
[2026-10-03T17:28:00.085+0000] {manager.py:738} INFO - Searching for files in /opt/airflow/dags
[2026-10-03T17:28:00.088+0000] {manager.py:741} INFO - There are 0 files in /opt/airflow/dags
[2026-10-03T17:39:14.946+0000] {manager.py:738} INFO - Searching for files in /opt/airflow/dags
[2026-10-03T17:39:14.951+0000] {manager.py:741} INFO - There are 0 files in /opt/airflow/dags
[2026-10-03T17:55:20.072+0000] {manager.py:738} INFO - Searching for files in /opt/airflow/dags
[2026-10-03T17:55:20.075+0000] {manager.py:741} INFO - There are 0 files in /opt/airflow/dags
[2026-10-03T18:10:53.852+0000] {manager.py:738} INFO - Searching for files in /opt/airflow/dags
[2026-10-03T18:10:53.858+0000] {manager.py:741} INFO - There are 0 files in /opt/airflow/dags
[2026-10-03T18:18:57.408+0000] {manager.py:738} INFO - Searching for files in /opt/airflow/dags
[2026-10-03T18:18:57.414+0000] {manager.py:741} INFO - There are 0 files in /opt/airflow/dags
[2026-10-03T18:35:29.059+0000] {manager.py:738} INFO - Searching for files in /opt/airflow/dags
[2026-10-03T18:35:29.061+0000] {manager.py:741} INFO - There are 0 files in /opt/airflow/dags
[2026-10-03T18:40:33.135+0000] {manager.py:738} INFO - Searching for files in /opt/airflow/dags
[2026-10-03T18:40:33.140+0000] {manager.py:741} INFO - There are 0 files in /opt/airflow/dags
[2026-10-03T18:56:10.018+0000] {manager.py:738} INFO - Searching for files in /opt/airflow/dags
[2026-10-03T18:56:10.020+0000] {manager.py:741} INFO - There are 0 files in /opt/airflow/dags
[2026-10-03T19:12:10.582+0000] {manager.py:738} INFO - Searching for files in /opt/airflow/dags
[2026-10-03T19:12:10.586+0000] {manager.py:741} INFO - There are 0 files in /opt/airflow/dags
[2026-10-03T19:29:32.933+0000] {manager.py:738} INFO - Searching for files in /opt/airflow/dags
[2026-10-03T19:29:32.938+0000] {manager.py:741} INFO - There are 0 files in /opt/airflow/dags
[2026-10-03T19:39:29.797+0000] {manager.py:738} INFO - Searching for files in /opt/airflow/dags
[2026-10-03T19:39:29.802+0000] {manager.py:741} INFO - There are 0 files in /opt/airflow/dags
[2026-10-03T19:55:31.889+0000] {manager.py:738} INFO - Searching for files in /opt/airflow/dags
[2026-10-03T19:55:31.893+0000] {manager.py:741} INFO - There are 0 files in /opt/airflow/dags
[2026-10-03T20:12:27.662+0000] {manager.py:738} INFO - Searching for files in /opt/airflow/dags
[2026-10-03T20:12:27.666+0000] {manager.py:741} INFO - There are 0 files in /opt/airflow/dags
[2026-10-03T20:30:33.494+0000] {manager.py:738} INFO - Searching for files in /opt/airflow/dags
[2026-10-03T20:30:33.498+0000] {manager.py:741} INFO - There are 0 files in /opt/airflow/dags
[2026-10-03T20:43:46.283+0000] {manager.py:738} INFO - Searching for files in /opt/airflow/dags
[2026-10-03T20:43:46.287+0000] {manager.py:741} INFO - There are 0 files in /opt/airflow/dags
[2026-10-03T21:00:05.832+0000] {manager.py:738} INFO - Searching for files in /opt/airflow/dags
[2026-10-03T21:00:05.835+0000] {manager.py:741} INFO - There are 0 files in /opt/airflow/dags
[2026-10-03T21:07:32.894+0000] {manager.py:738} INFO - Searching for files in /opt/airflow/dags
[2026-10-03T21:07:32.901+0000] {manager.py:741} INFO - There are 0 files in /opt/airflow/dags
[2026-10-03T21:21:41.094+0000] {manager.py:738} INFO - Searching for files in /opt/airflow/dags
[2026-10-03T21:21:41.097+0000] {manager.py:741} INFO - There are 0 files in /opt/airflow/dags
[2026-10-03T21:41:48.554+0000] {manager.py:738} INFO - Searching for files in /opt/airflow/dags
[2026-10-03T21:41:48.559+0000] {manager.py:741} INFO - There are 0 files in /opt/airflow/dags
[2026-10-03T22:31:16.864+0000] {manager.py:738} INFO - Searching for files in /opt/airflow/dags
[2026-10-03T22:31:16.870+0000] {manager.py:741} INFO - There are 0 files in /opt/airflow/dags
[2026-10-03T23:02:38.372+0000] {manager.py:738} INFO - Searching for files in /opt/airflow/dags
[2026-10-03T23:02:38.375+0000] {manager.py:741} INFO - There are 0 files in /opt/airflow/dags
[2026-10-03T23:21:20.018+0000] {manager.py:738} INFO - Searching for files in /opt/airflow/dags
[2026-10-03T23:21:20.028+0000] {manager.py:741} INFO - There are 0 files in /opt/airflow/dags
[2026-10-03T23:42:52.521+0000] {manager.py:738} INFO - Searching for files in /opt/airflow/dags
[2026-10-03T23:42:52.527+0000] {manager.py:741} INFO - There are 0 files in /opt/airflow/dags
[2026-10-03T23:53:44.743+0000] {manager.py:738} INFO - Searching for files in /opt/airflow/dags
[2026-10-03T23:53:44.747+0000] {manager.py:741} INFO - There are 0 files in /opt/airflow/dags
[2026-10-04T00:11:51.143+0000] {manager.py:738} INFO - Searching for files in /opt/airflow/dags
[2026-10-04T00:11:51.147+0000] {manager.py:741} INFO - There are 0 files in /opt/airflow/dags
[2026-10-04T00:32:19.255+0000] {manager.py:738} INFO - Searching for files in /opt/airflow/dags
[2026-10-04T00:32:19.258+0000] {manager.py:741} INFO - There are 0 files in /opt/airflow/dags
[2026-10-04T00:50:58.267+0000] {manager.py:738} INFO - Searching for files in /opt/airflow/dags
[2026-10-04T00:50:58.271+0000] {manager.py:741} INFO - There are 0 files in /opt/airflow/dags
[2026-10-04T01:12:15.321+0000] {manager.py:738} INFO - Searching for files in /opt/airflow/dags
[2026-10-04T01:12:15.325+0000] {manager.py:741} INFO - There are 0 files in /opt/airflow/dags
[2026-10-04T01:29:09.458+0000] {manager.py:738} INFO - Searching for files in /opt/airflow/dags
[2026-10-04T01:29:09.461+0000] {manager.py:741} INFO - There are 0 files in /opt/airflow/dags
[2026-10-04T02:48:23.055+0000] {manager.py:738} INFO - Searching for files in /opt/airflow/dags
[2026-10-04T02:48:23.059+0000] {manager.py:741} INFO - There are 0 files in /opt/airflow/dags
[2026-10-04T03:23:37.377+0000] {manager.py:738} INFO - Searching for files in /opt/airflow/dags
[2026-10-04T03:23:37.381+0000] {manager.py:741} INFO - There are 0 files in /opt/airflow/dags
[2026-10-04T03:32:39.905+0000] {manager.py:738} INFO - Searching for files in /opt/airflow/dags
[2026-10-04T03:32:39.911+0000] {manager.py:741} INFO - There are 0 files in /opt/airflow/dags
[2026-10-04T03:51:11.517+0000] {manager.py:738} INFO - Searching for files in /opt/airflow/dags
[2026-10-04T03:51:11.525+0000] {manager.py:741} INFO - There are 0 files in /opt/airflow/dags
[2026-10-04T04:08:58.752+0000] {manager.py:738} INFO - Searching for files in /opt/airflow/dags
[2026-10-04T04:08:58.757+0000] {manager.py:741} INFO - There are 0 files in /opt/airflow/dags
[2026-10-04T04:28:29.209+0000] {manager.py:738} INFO - Searching for files in /opt/airflow/dags
[2026-10-04T04:28:29.213+0000] {manager.py:741} INFO - There are 0 files in /opt/airflow/dags
[2026-10-04T04:50:33.668+0000] {manager.py:738} INFO - Searching for files in /opt/airflow/dags
[2026-10-04T04:50:33.673+0000] {manager.py:741} INFO - There are 0 files in /opt/airflow/dags
[2026-10-04T05:12:13.651+0000] {manager.py:738} INFO - Searching for files in /opt/airflow/dags
[2026-10-04T05:12:13.713+0000] {manager.py:741} INFO - There are 0 files in /opt/airflow/dags
[2026-10-04T05:50:37.726+0000] {manager.py:738} INFO - Searching for files in /opt/airflow/dags
[2026-10-04T05:50:37.730+0000] {manager.py:741} INFO - There are 0 files in /opt/airflow/dags
[2026-10-04T06:28:52.661+0000] {manager.py:738} INFO - Searching for files in /opt/airflow/dags
[2026-10-04T06:28:52.673+0000] {manager.py:741} INFO - There are 0 files in /opt/airflow/dags
[2026-10-04T06:35:48.022+0000] {manager.py:738} INFO - Searching for files in /opt/airflow/dags
[2026-10-04T06:35:48.043+0000] {manager.py:741} INFO - There are 0 files in /opt/airflow/dags
[2026-10-04T06:59:19.209+0000] {manager.py:738} INFO - Searching for files in /opt/airflow/dags
[2026-10-04T06:59:19.213+0000] {manager.py:741} INFO - There are 0 files in /opt/airflow/dags
[2026-10-04T07:04:19.676+0000] {manager.py:738} INFO - Searching for files in /opt/airflow/dags
[2026-10-04T07:04:19.683+0000] {manager.py:741} INFO - There are 0 files in /opt/airflow/dags
[2026-10-04T07:09:20.156+0000] {manager.py:738} INFO - Searching for files in /opt/airflow/dags
[2026-10-04T07:09:20.169+0000] {manager.py:741} INFO - There are 0 files in /opt/airflow/dags
[2026-10-04T07:14:20.744+0000] {manager.py:738} INFO - Searching for files in /opt/airflow/dags
[2026-10-04T07:14:20.751+0000] {manager.py:741} INFO - There are 0 files in /opt/airflow/dags
[2026-10-04T07:19:21.185+0000] {manager.py:738} INFO - Searching for files in /opt/airflow/dags
[2026-10-04T07:19:21.191+0000] {manager.py:741} INFO - There are 0 files in /opt/airflow/dags
[2026-10-04T09:06:26.312+0000] {manager.py:469} INFO - Processing files using up to 2 processes at a time 
[2026-10-04T09:06:26.312+0000] {manager.py:470} INFO - Process each file at most once every 10 seconds
[2026-10-04T09:06:26.312+0000] {manager.py:471} INFO - Checking for new files in /opt/airflow/dags every 300 seconds
[2026-10-04T09:06:26.312+0000] {manager.py:738} INFO - Searching for files in /opt/airflow/dags
[2026-10-04T09:06:26.313+0000] {manager.py:741} INFO - There are 0 files in /opt/airflow/dags
[2026-10-04T09:11:26.893+0000] {manager.py:738} INFO - Searching for files in /opt/airflow/dags
[2026-10-04T09:11:26.900+0000] {manager.py:741} INFO - There are 0 files in /opt/airflow/dags
[2026-10-04T09:16:27.356+0000] {manager.py:738} INFO - Searching for files in /opt/airflow/dags
[2026-10-04T09:16:27.365+0000] {manager.py:741} INFO - There are 0 files in /opt/airflow/dags
[2026-10-04T09:54:16.604+0000] {manager.py:738} INFO - Searching for files in /opt/airflow/dags
[2026-10-04T09:54:16.606+0000] {manager.py:741} INFO - There are 0 files in /opt/airflow/dags
[2026-10-04T10:36:31.744+0000] {manager.py:738} INFO - Searching for files in /opt/airflow/dags
[2026-10-04T10:36:31.747+0000] {manager.py:741} INFO - There are 0 files in /opt/airflow/dags
[2026-10-04T11:09:06.998+0000] {manager.py:738} INFO - Searching for files in /opt/airflow/dags
[2026-10-04T11:09:07.000+0000] {manager.py:741} INFO - There are 0 files in /opt/airflow/dags
[2026-10-04T11:50:03.041+0000] {manager.py:738} INFO - Searching for files in /opt/airflow/dags
[2026-10-04T11:50:03.045+0000] {manager.py:741} INFO - There are 0 files in /opt/airflow/dags
[2026-10-04T13:19:26.171+0000] {manager.py:738} INFO - Searching for files in /opt/airflow/dags
[2026-10-04T13:19:26.176+0000] {manager.py:741} INFO - There are 0 files in /opt/airflow/dags
[2026-10-04T13:24:27.160+0000] {manager.py:738} INFO - Searching for files in /opt/airflow/dags
[2026-10-04T13:24:27.164+0000] {manager.py:741} INFO - There are 0 files in /opt/airflow/dags
[2026-10-04T13:29:27.786+0000] {manager.py:738} INFO - Searching for files in /opt/airflow/dags
[2026-10-04T13:29:27.793+0000] {manager.py:741} INFO - There are 0 files in /opt/airflow/dags
[2026-10-04T13:29:43.084+0000] {manager.py:451} INFO - Exiting gracefully upon receiving signal 15
[2026-10-04T15:48:08.989+0000] {manager.py:469} INFO - Processing files using up to 2 processes at a time 
[2026-10-04T15:48:08.991+0000] {manager.py:470} INFO - Process each file at most once every 10 seconds
[2026-10-04T15:48:08.991+0000] {manager.py:471} INFO - Checking for new files in /opt/airflow/dags every 300 seconds
[2026-10-04T15:48:08.992+0000] {manager.py:738} INFO - Searching for files in /opt/airflow/dags
[2026-10-04T15:48:08.998+0000] {manager.py:741} INFO - There are 0 files in /opt/airflow/dags
[2026-10-04T15:53:09.302+0000] {manager.py:738} INFO - Searching for files in /opt/airflow/dags
[2026-10-04T15:53:09.307+0000] {manager.py:741} INFO - There are 0 files in /opt/airflow/dags
[2026-10-04T15:58:09.927+0000] {manager.py:738} INFO - Searching for files in /opt/airflow/dags
[2026-10-04T15:58:09.932+0000] {manager.py:741} INFO - There are 0 files in /opt/airflow/dags
[2026-10-04T16:03:10.378+0000] {manager.py:738} INFO - Searching for files in /opt/airflow/dags
[2026-10-04T16:03:10.384+0000] {manager.py:741} INFO - There are 0 files in /opt/airflow/dags
[2026-10-04T16:08:10.876+0000] {manager.py:738} INFO - Searching for files in /opt/airflow/dags
[2026-10-04T16:08:10.883+0000] {manager.py:741} INFO - There are 0 files in /opt/airflow/dags
[2026-10-04T16:13:11.089+0000] {manager.py:738} INFO - Searching for files in /opt/airflow/dags
[2026-10-04T16:13:11.095+0000] {manager.py:741} INFO - There are 0 files in /opt/airflow/dags
[2026-10-04T16:18:11.632+0000] {manager.py:738} INFO - Searching for files in /opt/airflow/dags
[2026-10-04T16:18:11.639+0000] {manager.py:741} INFO - There are 0 files in /opt/airflow/dags
[2026-10-04T16:23:11.871+0000] {manager.py:738} INFO - Searching for files in /opt/airflow/dags
[2026-10-04T16:23:11.877+0000] {manager.py:741} INFO - There are 0 files in /opt/airflow/dags
[2026-10-04T16:28:12.113+0000] {manager.py:738} INFO - Searching for files in /opt/airflow/dags
[2026-10-04T16:28:12.120+0000] {manager.py:741} INFO - There are 0 files in /opt/airflow/dags
[2026-10-04T16:33:12.606+0000] {manager.py:738} INFO - Searching for files in /opt/airflow/dags
[2026-10-04T16:33:12.609+0000] {manager.py:741} INFO - There are 0 files in /opt/airflow/dags
[2026-10-04T16:38:13.010+0000] {manager.py:738} INFO - Searching for files in /opt/airflow/dags
[2026-10-04T16:38:13.017+0000] {manager.py:741} INFO - There are 0 files in /opt/airflow/dags
[2026-10-04T16:43:13.484+0000] {manager.py:738} INFO - Searching for files in /opt/airflow/dags
[2026-10-04T16:43:13.490+0000] {manager.py:741} INFO - There are 0 files in /opt/airflow/dags
[2026-10-04T16:48:13.536+0000] {manager.py:738} INFO - Searching for files in /opt/airflow/dags
[2026-10-04T16:48:13.538+0000] {manager.py:741} INFO - There are 0 files in /opt/airflow/dags
[2026-10-04T17:24:31.369+0000] {manager.py:738} INFO - Searching for files in /opt/airflow/dags
[2026-10-04T17:24:31.371+0000] {manager.py:741} INFO - There are 0 files in /opt/airflow/dags
[2026-10-04T17:40:03.331+0000] {manager.py:738} INFO - Searching for files in /opt/airflow/dags
[2026-10-04T17:40:03.334+0000] {manager.py:741} INFO - There are 0 files in /opt/airflow/dags
[2026-10-04T17:45:03.766+0000] {manager.py:738} INFO - Searching for files in /opt/airflow/dags
[2026-10-04T17:45:03.773+0000] {manager.py:741} INFO - There are 0 files in /opt/airflow/dags
[2026-10-04T17:50:04.066+0000] {manager.py:738} INFO - Searching for files in /opt/airflow/dags
[2026-10-04T17:50:04.072+0000] {manager.py:741} INFO - There are 0 files in /opt/airflow/dags
[2026-10-04T17:55:04.462+0000] {manager.py:738} INFO - Searching for files in /opt/airflow/dags
[2026-10-04T17:55:04.469+0000] {manager.py:741} INFO - There are 0 files in /opt/airflow/dags
[2026-10-04T18:00:04.816+0000] {manager.py:738} INFO - Searching for files in /opt/airflow/dags
[2026-10-04T18:00:04.823+0000] {manager.py:741} INFO - There are 0 files in /opt/airflow/dags
[2026-10-04T18:05:05.257+0000] {manager.py:738} INFO - Searching for files in /opt/airflow/dags
[2026-10-04T18:05:05.264+0000] {manager.py:741} INFO - There are 0 files in /opt/airflow/dags
[2026-10-04T18:10:05.613+0000] {manager.py:738} INFO - Searching for files in /opt/airflow/dags
[2026-10-04T18:10:05.619+0000] {manager.py:741} INFO - There are 0 files in /opt/airflow/dags
[2026-10-04T18:15:06.325+0000] {manager.py:738} INFO - Searching for files in /opt/airflow/dags
[2026-10-04T18:15:06.334+0000] {manager.py:741} INFO - There are 0 files in /opt/airflow/dags
[2026-10-04T18:20:06.923+0000] {manager.py:738} INFO - Searching for files in /opt/airflow/dags
[2026-10-04T18:20:06.929+0000] {manager.py:741} INFO - There are 0 files in /opt/airflow/dags
[2026-10-04T18:25:07.501+0000] {manager.py:738} INFO - Searching for files in /opt/airflow/dags
[2026-10-04T18:25:07.508+0000] {manager.py:741} INFO - There are 0 files in /opt/airflow/dags
[2026-10-04T18:30:08.029+0000] {manager.py:738} INFO - Searching for files in /opt/airflow/dags
[2026-10-04T18:30:08.037+0000] {manager.py:741} INFO - There are 0 files in /opt/airflow/dags
[2026-10-04T18:35:08.631+0000] {manager.py:738} INFO - Searching for files in /opt/airflow/dags
[2026-10-04T18:35:08.639+0000] {manager.py:741} INFO - There are 0 files in /opt/airflow/dags
[2026-10-04T18:40:09.133+0000] {manager.py:738} INFO - Searching for files in /opt/airflow/dags
[2026-10-04T18:40:09.140+0000] {manager.py:741} INFO - There are 0 files in /opt/airflow/dags
[2026-10-04T18:45:09.739+0000] {manager.py:738} INFO - Searching for files in /opt/airflow/dags
[2026-10-04T18:45:09.746+0000] {manager.py:741} INFO - There are 0 files in /opt/airflow/dags
[2026-10-04T18:50:10.333+0000] {manager.py:738} INFO - Searching for files in /opt/airflow/dags
[2026-10-04T18:50:10.340+0000] {manager.py:741} INFO - There are 0 files in /opt/airflow/dags
[2026-10-04T18:55:10.891+0000] {manager.py:738} INFO - Searching for files in /opt/airflow/dags
[2026-10-04T18:55:10.900+0000] {manager.py:741} INFO - There are 0 files in /opt/airflow/dags
[2026-10-04T19:00:11.293+0000] {manager.py:738} INFO - Searching for files in /opt/airflow/dags
[2026-10-04T19:00:11.302+0000] {manager.py:741} INFO - There are 0 files in /opt/airflow/dags
[2026-10-04T19:05:11.582+0000] {manager.py:738} INFO - Searching for files in /opt/airflow/dags
[2026-10-04T19:05:11.589+0000] {manager.py:741} INFO - There are 0 files in /opt/airflow/dags
[2026-10-04T19:10:11.885+0000] {manager.py:738} INFO - Searching for files in /opt/airflow/dags
[2026-10-04T19:10:11.891+0000] {manager.py:741} INFO - There are 0 files in /opt/airflow/dags
[2026-10-04T19:27:23.377+0000] {manager.py:738} INFO - Searching for files in /opt/airflow/dags
[2026-10-04T19:27:23.379+0000] {manager.py:741} INFO - There are 0 files in /opt/airflow/dags
[2026-10-04T19:41:36.197+0000] {manager.py:738} INFO - Searching for files in /opt/airflow/dags
[2026-10-04T19:41:36.203+0000] {manager.py:741} INFO - There are 0 files in /opt/airflow/dags
[2026-10-04T19:53:28.020+0000] {manager.py:738} INFO - Searching for files in /opt/airflow/dags
[2026-10-04T19:53:28.022+0000] {manager.py:741} INFO - There are 0 files in /opt/airflow/dags
[2026-10-04T20:09:27.147+0000] {manager.py:738} INFO - Searching for files in /opt/airflow/dags
[2026-10-04T20:09:27.160+0000] {manager.py:741} INFO - There are 0 files in /opt/airflow/dags
[2026-10-04T20:14:27.615+0000] {manager.py:738} INFO - Searching for files in /opt/airflow/dags
[2026-10-04T20:14:27.622+0000] {manager.py:741} INFO - There are 0 files in /opt/airflow/dags
[2026-10-04T20:19:28.614+0000] {manager.py:738} INFO - Searching for files in /opt/airflow/dags
[2026-10-04T20:19:28.620+0000] {manager.py:741} INFO - There are 0 files in /opt/airflow/dags
[2026-10-04T20:24:29.125+0000] {manager.py:738} INFO - Searching for files in /opt/airflow/dags
[2026-10-04T20:24:29.128+0000] {manager.py:741} INFO - There are 0 files in /opt/airflow/dags
[2026-10-04T20:29:29.592+0000] {manager.py:738} INFO - Searching for files in /opt/airflow/dags
[2026-10-04T20:29:29.599+0000] {manager.py:741} INFO - There are 0 files in /opt/airflow/dags
[2026-10-04T20:34:36.174+0000] {manager.py:738} INFO - Searching for files in /opt/airflow/dags
[2026-10-04T20:34:36.178+0000] {manager.py:741} INFO - There are 0 files in /opt/airflow/dags
[2026-10-04T20:39:36.846+0000] {manager.py:738} INFO - Searching for files in /opt/airflow/dags
[2026-10-04T20:39:36.856+0000] {manager.py:741} INFO - There are 0 files in /opt/airflow/dags
[2026-10-04T20:45:01.284+0000] {manager.py:738} INFO - Searching for files in /opt/airflow/dags
[2026-10-04T20:45:01.287+0000] {manager.py:741} INFO - There are 0 files in /opt/airflow/dags
[2026-10-04T20:50:01.908+0000] {manager.py:738} INFO - Searching for files in /opt/airflow/dags
[2026-10-04T20:50:01.912+0000] {manager.py:741} INFO - There are 0 files in /opt/airflow/dags
[2026-10-04T20:55:02.250+0000] {manager.py:738} INFO - Searching for files in /opt/airflow/dags
[2026-10-04T20:55:02.260+0000] {manager.py:741} INFO - There are 0 files in /opt/airflow/dags
[2026-10-04T21:00:02.585+0000] {manager.py:738} INFO - Searching for files in /opt/airflow/dags
[2026-10-04T21:00:02.592+0000] {manager.py:741} INFO - There are 0 files in /opt/airflow/dags
[2026-10-04T21:05:03.082+0000] {manager.py:738} INFO - Searching for files in /opt/airflow/dags
[2026-10-04T21:05:03.089+0000] {manager.py:741} INFO - There are 0 files in /opt/airflow/dags
[2026-10-04T21:10:03.596+0000] {manager.py:738} INFO - Searching for files in /opt/airflow/dags
[2026-10-04T21:10:03.603+0000] {manager.py:741} INFO - There are 0 files in /opt/airflow/dags
[2026-10-04T21:15:03.892+0000] {manager.py:738} INFO - Searching for files in /opt/airflow/dags
[2026-10-04T21:15:03.897+0000] {manager.py:741} INFO - There are 0 files in /opt/airflow/dags
[2026-10-04T21:20:04.213+0000] {manager.py:738} INFO - Searching for files in /opt/airflow/dags
[2026-10-04T21:20:04.218+0000] {manager.py:741} INFO - There are 0 files in /opt/airflow/dags
[2026-10-04T21:25:04.640+0000] {manager.py:738} INFO - Searching for files in /opt/airflow/dags
[2026-10-04T21:25:04.647+0000] {manager.py:741} INFO - There are 0 files in /opt/airflow/dags
[2026-10-04T22:49:32.465+0000] {manager.py:738} INFO - Searching for files in /opt/airflow/dags
[2026-10-04T22:49:32.469+0000] {manager.py:741} INFO - There are 0 files in /opt/airflow/dags
[2026-10-05T00:04:36.844+0000] {manager.py:738} INFO - Searching for files in /opt/airflow/dags
[2026-10-05T00:04:36.847+0000] {manager.py:741} INFO - There are 0 files in /opt/airflow/dags
[2026-10-05T01:22:10.245+0000] {manager.py:738} INFO - Searching for files in /opt/airflow/dags
[2026-10-05T01:22:10.250+0000] {manager.py:741} INFO - There are 0 files in /opt/airflow/dags
[2026-10-05T02:17:36.434+0000] {manager.py:738} INFO - Searching for files in /opt/airflow/dags
[2026-10-05T02:17:36.444+0000] {manager.py:741} INFO - There are 0 files in /opt/airflow/dags
[2026-10-05T02:49:35.999+0000] {manager.py:738} INFO - Searching for files in /opt/airflow/dags
[2026-10-05T02:49:36.005+0000] {manager.py:741} INFO - There are 0 files in /opt/airflow/dags
[2026-10-05T03:08:42.985+0000] {manager.py:738} INFO - Searching for files in /opt/airflow/dags
[2026-10-05T03:08:42.991+0000] {manager.py:741} INFO - There are 0 files in /opt/airflow/dags
[2026-10-05T03:29:34.206+0000] {manager.py:738} INFO - Searching for files in /opt/airflow/dags
[2026-10-05T03:29:34.211+0000] {manager.py:741} INFO - There are 0 files in /opt/airflow/dags
[2026-10-05T03:51:24.967+0000] {manager.py:738} INFO - Searching for files in /opt/airflow/dags
[2026-10-05T03:51:24.973+0000] {manager.py:741} INFO - There are 0 files in /opt/airflow/dags
[2026-10-05T04:34:56.119+0000] {manager.py:738} INFO - Searching for files in /opt/airflow/dags
[2026-10-05T04:34:56.123+0000] {manager.py:741} INFO - There are 0 files in /opt/airflow/dags
[2026-10-05T05:35:56.048+0000] {manager.py:738} INFO - Searching for files in /opt/airflow/dags
[2026-10-05T05:35:56.061+0000] {manager.py:741} INFO - There are 0 files in /opt/airflow/dags
[2026-10-05T05:55:53.976+0000] {manager.py:738} INFO - Searching for files in /opt/airflow/dags
[2026-10-05T05:55:53.979+0000] {manager.py:741} INFO - There are 0 files in /opt/airflow/dags
[2026-10-05T06:16:06.674+0000] {manager.py:738} INFO - Searching for files in /opt/airflow/dags
[2026-10-05T06:16:06.677+0000] {manager.py:741} INFO - There are 0 files in /opt/airflow/dags
[2026-10-05T06:34:06.384+0000] {manager.py:738} INFO - Searching for files in /opt/airflow/dags
[2026-10-05T06:34:06.389+0000] {manager.py:741} INFO - There are 0 files in /opt/airflow/dags
[2026-10-05T06:54:40.563+0000] {manager.py:738} INFO - Searching for files in /opt/airflow/dags
[2026-10-05T06:54:40.567+0000] {manager.py:741} INFO - There are 0 files in /opt/airflow/dags
[2026-10-05T07:15:54.515+0000] {manager.py:738} INFO - Searching for files in /opt/airflow/dags
[2026-10-05T07:15:54.572+0000] {manager.py:741} INFO - There are 0 files in /opt/airflow/dags
[2026-10-05T07:34:45.916+0000] {manager.py:738} INFO - Searching for files in /opt/airflow/dags
[2026-10-05T07:34:45.919+0000] {manager.py:741} INFO - There are 0 files in /opt/airflow/dags
[2026-10-05T07:52:22.441+0000] {manager.py:738} INFO - Searching for files in /opt/airflow/dags
[2026-10-05T07:52:22.445+0000] {manager.py:741} INFO - There are 0 files in /opt/airflow/dags
[2026-10-05T08:24:35.218+0000] {manager.py:738} INFO - Searching for files in /opt/airflow/dags
[2026-10-05T08:24:35.228+0000] {manager.py:741} INFO - There are 0 files in /opt/airflow/dags
[2026-10-05T08:32:11.025+0000] {manager.py:738} INFO - Searching for files in /opt/airflow/dags
[2026-10-05T08:32:11.029+0000] {manager.py:741} INFO - There are 0 files in /opt/airflow/dags
[2026-10-05T08:37:27.774+0000] {manager.py:738} INFO - Searching for files in /opt/airflow/dags
[2026-10-05T08:37:27.781+0000] {manager.py:741} INFO - There are 0 files in /opt/airflow/dags
[2026-10-05T09:38:13.061+0000] {manager.py:738} INFO - Searching for files in /opt/airflow/dags
[2026-10-05T09:38:13.069+0000] {manager.py:741} INFO - There are 0 files in /opt/airflow/dags
[2026-10-05T10:12:42.684+0000] {manager.py:738} INFO - Searching for files in /opt/airflow/dags
[2026-10-05T10:12:42.688+0000] {manager.py:741} INFO - There are 0 files in /opt/airflow/dags
[2026-10-05T10:39:12.910+0000] {manager.py:738} INFO - Searching for files in /opt/airflow/dags
[2026-10-05T10:39:12.914+0000] {manager.py:741} INFO - There are 0 files in /opt/airflow/dags
[2026-10-05T10:56:23.636+0000] {manager.py:738} INFO - Searching for files in /opt/airflow/dags
[2026-10-05T10:56:23.642+0000] {manager.py:741} INFO - There are 0 files in /opt/airflow/dags
[2026-10-05T11:13:27.225+0000] {manager.py:738} INFO - Searching for files in /opt/airflow/dags
[2026-10-05T11:13:27.227+0000] {manager.py:741} INFO - There are 0 files in /opt/airflow/dags
[2026-10-05T11:33:29.740+0000] {manager.py:738} INFO - Searching for files in /opt/airflow/dags
[2026-10-05T11:33:29.746+0000] {manager.py:741} INFO - There are 0 files in /opt/airflow/dags
[2026-10-05T11:40:08.505+0000] {manager.py:738} INFO - Searching for files in /opt/airflow/dags
[2026-10-05T11:40:08.512+0000] {manager.py:741} INFO - There are 0 files in /opt/airflow/dags
[2026-10-05T11:58:04.005+0000] {manager.py:738} INFO - Searching for files in /opt/airflow/dags
[2026-10-05T11:58:04.011+0000] {manager.py:741} INFO - There are 0 files in /opt/airflow/dags
[2026-10-05T12:16:36.528+0000] {manager.py:738} INFO - Searching for files in /opt/airflow/dags
[2026-10-05T12:16:36.539+0000] {manager.py:741} INFO - There are 0 files in /opt/airflow/dags
[2026-10-05T12:37:49.136+0000] {manager.py:738} INFO - Searching for files in /opt/airflow/dags
[2026-10-05T12:37:49.143+0000] {manager.py:741} INFO - There are 0 files in /opt/airflow/dags
[2026-10-05T12:58:47.303+0000] {manager.py:738} INFO - Searching for files in /opt/airflow/dags
[2026-10-05T12:58:47.308+0000] {manager.py:741} INFO - There are 0 files in /opt/airflow/dags
[2026-10-05T13:22:37.228+0000] {manager.py:738} INFO - Searching for files in /opt/airflow/dags
[2026-10-05T13:22:37.233+0000] {manager.py:741} INFO - There are 0 files in /opt/airflow/dags
[2026-10-05T13:43:01.154+0000] {manager.py:738} INFO - Searching for files in /opt/airflow/dags
[2026-10-05T13:43:01.158+0000] {manager.py:741} INFO - There are 0 files in /opt/airflow/dags
[2026-10-05T14:00:13.211+0000] {manager.py:738} INFO - Searching for files in /opt/airflow/dags
[2026-10-05T14:00:13.214+0000] {manager.py:741} INFO - There are 0 files in /opt/airflow/dags
[2026-10-05T14:21:57.794+0000] {manager.py:738} INFO - Searching for files in /opt/airflow/dags
[2026-10-05T14:21:57.803+0000] {manager.py:741} INFO - There are 0 files in /opt/airflow/dags
[2026-10-05T15:33:16.600+0000] {manager.py:738} INFO - Searching for files in /opt/airflow/dags
[2026-10-05T15:33:16.602+0000] {manager.py:741} INFO - There are 0 files in /opt/airflow/dags
[2026-10-05T15:56:23.902+0000] {manager.py:738} INFO - Searching for files in /opt/airflow/dags
[2026-10-05T15:56:23.910+0000] {manager.py:741} INFO - There are 0 files in /opt/airflow/dags
[2026-10-05T15:56:48.827+0000] {manager.py:451} INFO - Exiting gracefully upon receiving signal 15
[2026-10-05T18:45:56.817+0000] {manager.py:469} INFO - Processing files using up to 2 processes at a time 
[2026-10-05T18:45:56.817+0000] {manager.py:470} INFO - Process each file at most once every 10 seconds
[2026-10-05T18:45:56.818+0000] {manager.py:471} INFO - Checking for new files in /opt/airflow/dags every 300 seconds
[2026-10-05T18:45:56.818+0000] {manager.py:738} INFO - Searching for files in /opt/airflow/dags
[2026-10-05T18:45:56.819+0000] {manager.py:741} INFO - There are 0 files in /opt/airflow/dags
[2026-10-05T18:50:57.475+0000] {manager.py:738} INFO - Searching for files in /opt/airflow/dags
[2026-10-05T18:50:57.479+0000] {manager.py:741} INFO - There are 0 files in /opt/airflow/dags
[2026-10-05T18:55:58.041+0000] {manager.py:738} INFO - Searching for files in /opt/airflow/dags
[2026-10-05T18:55:58.044+0000] {manager.py:741} INFO - There are 0 files in /opt/airflow/dags
[2026-10-05T19:00:58.724+0000] {manager.py:738} INFO - Searching for files in /opt/airflow/dags
[2026-10-05T19:00:58.729+0000] {manager.py:741} INFO - There are 0 files in /opt/airflow/dags
[2026-10-05T19:05:59.253+0000] {manager.py:738} INFO - Searching for files in /opt/airflow/dags
[2026-10-05T19:05:59.257+0000] {manager.py:741} INFO - There are 0 files in /opt/airflow/dags
[2026-10-05T19:10:59.944+0000] {manager.py:738} INFO - Searching for files in /opt/airflow/dags
[2026-10-05T19:10:59.950+0000] {manager.py:741} INFO - There are 0 files in /opt/airflow/dags
[2026-10-05T19:16:00.681+0000] {manager.py:738} INFO - Searching for files in /opt/airflow/dags
[2026-10-05T19:16:00.684+0000] {manager.py:741} INFO - There are 0 files in /opt/airflow/dags
[2026-10-05T19:21:01.416+0000] {manager.py:738} INFO - Searching for files in /opt/airflow/dags
[2026-10-05T19:21:01.422+0000] {manager.py:741} INFO - There are 0 files in /opt/airflow/dags
[2026-10-05T19:26:02.066+0000] {manager.py:738} INFO - Searching for files in /opt/airflow/dags
[2026-10-05T19:26:02.071+0000] {manager.py:741} INFO - There are 0 files in /opt/airflow/dags
[2026-10-05T19:31:02.522+0000] {manager.py:738} INFO - Searching for files in /opt/airflow/dags
[2026-10-05T19:31:02.529+0000] {manager.py:741} INFO - There are 0 files in /opt/airflow/dags
[2026-10-05T19:36:03.101+0000] {manager.py:738} INFO - Searching for files in /opt/airflow/dags
[2026-10-05T19:36:03.107+0000] {manager.py:741} INFO - There are 0 files in /opt/airflow/dags
[2026-10-05T19:41:03.593+0000] {manager.py:738} INFO - Searching for files in /opt/airflow/dags
[2026-10-05T19:41:03.596+0000] {manager.py:741} INFO - There are 0 files in /opt/airflow/dags
[2026-10-05T19:46:04.182+0000] {manager.py:738} INFO - Searching for files in /opt/airflow/dags
[2026-10-05T19:46:04.186+0000] {manager.py:741} INFO - There are 0 files in /opt/airflow/dags
[2026-10-05T19:51:04.773+0000] {manager.py:738} INFO - Searching for files in /opt/airflow/dags
[2026-10-05T19:51:04.778+0000] {manager.py:741} INFO - There are 0 files in /opt/airflow/dags
[2026-10-05T19:56:05.381+0000] {manager.py:738} INFO - Searching for files in /opt/airflow/dags
[2026-10-05T19:56:05.390+0000] {manager.py:741} INFO - There are 0 files in /opt/airflow/dags
[2026-10-05T20:01:06.137+0000] {manager.py:738} INFO - Searching for files in /opt/airflow/dags
[2026-10-05T20:01:06.144+0000] {manager.py:741} INFO - There are 0 files in /opt/airflow/dags
[2026-10-05T20:06:06.729+0000] {manager.py:738} INFO - Searching for files in /opt/airflow/dags
[2026-10-05T20:06:06.735+0000] {manager.py:741} INFO - There are 0 files in /opt/airflow/dags
[2026-10-05T20:11:07.349+0000] {manager.py:738} INFO - Searching for files in /opt/airflow/dags
[2026-10-05T20:11:07.355+0000] {manager.py:741} INFO - There are 0 files in /opt/airflow/dags
[2026-10-05T20:16:08.114+0000] {manager.py:738} INFO - Searching for files in /opt/airflow/dags
[2026-10-05T20:16:08.120+0000] {manager.py:741} INFO - There are 0 files in /opt/airflow/dags
[2026-10-05T20:21:08.618+0000] {manager.py:738} INFO - Searching for files in /opt/airflow/dags
[2026-10-05T20:21:08.623+0000] {manager.py:741} INFO - There are 0 files in /opt/airflow/dags
[2026-10-05T20:26:09.128+0000] {manager.py:738} INFO - Searching for files in /opt/airflow/dags
[2026-10-05T20:26:09.135+0000] {manager.py:741} INFO - There are 0 files in /opt/airflow/dags
[2026-10-05T20:27:29.421+0000] {manager.py:451} INFO - Exiting gracefully upon receiving signal 15
[2026-10-05T20:28:15.484+0000] {manager.py:469} INFO - Processing files using up to 2 processes at a time 
[2026-10-05T20:28:15.485+0000] {manager.py:470} INFO - Process each file at most once every 10 seconds
[2026-10-05T20:28:15.485+0000] {manager.py:471} INFO - Checking for new files in /opt/airflow/dags every 300 seconds
[2026-10-05T20:28:15.485+0000] {manager.py:738} INFO - Searching for files in /opt/airflow/dags
[2026-10-05T20:28:15.487+0000] {manager.py:741} INFO - There are 0 files in /opt/airflow/dags
[2026-10-05T20:33:16.117+0000] {manager.py:738} INFO - Searching for files in /opt/airflow/dags
[2026-10-05T20:33:16.125+0000] {manager.py:741} INFO - There are 0 files in /opt/airflow/dags
[2026-10-05T20:54:26.157+0000] {manager.py:738} INFO - Searching for files in /opt/airflow/dags
[2026-10-05T20:54:26.165+0000] {manager.py:741} INFO - There are 0 files in /opt/airflow/dags
[2026-10-05T21:12:17.246+0000] {manager.py:738} INFO - Searching for files in /opt/airflow/dags
[2026-10-05T21:12:17.250+0000] {manager.py:741} INFO - There are 0 files in /opt/airflow/dags
[2026-10-05T21:30:54.155+0000] {manager.py:738} INFO - Searching for files in /opt/airflow/dags
[2026-10-05T21:30:54.159+0000] {manager.py:741} INFO - There are 0 files in /opt/airflow/dags
[2026-10-05T21:49:50.046+0000] {manager.py:738} INFO - Searching for files in /opt/airflow/dags
[2026-10-05T21:49:50.051+0000] {manager.py:741} INFO - There are 0 files in /opt/airflow/dags
[2026-10-05T22:10:15.458+0000] {manager.py:738} INFO - Searching for files in /opt/airflow/dags
[2026-10-05T22:10:15.464+0000] {manager.py:741} INFO - There are 0 files in /opt/airflow/dags
[2026-10-05T22:30:54.670+0000] {manager.py:738} INFO - Searching for files in /opt/airflow/dags
[2026-10-05T22:30:54.675+0000] {manager.py:741} INFO - There are 0 files in /opt/airflow/dags
[2026-10-05T22:55:58.554+0000] {manager.py:738} INFO - Searching for files in /opt/airflow/dags
[2026-10-05T22:55:58.560+0000] {manager.py:741} INFO - There are 0 files in /opt/airflow/dags
[2026-10-05T23:11:54.591+0000] {manager.py:738} INFO - Searching for files in /opt/airflow/dags
[2026-10-05T23:11:54.596+0000] {manager.py:741} INFO - There are 0 files in /opt/airflow/dags
[2026-10-05T23:30:43.793+0000] {manager.py:738} INFO - Searching for files in /opt/airflow/dags
[2026-10-05T23:30:43.809+0000] {manager.py:741} INFO - There are 0 files in /opt/airflow/dags
[2026-10-05T23:55:38.472+0000] {manager.py:738} INFO - Searching for files in /opt/airflow/dags
[2026-10-05T23:55:38.480+0000] {manager.py:741} INFO - There are 0 files in /opt/airflow/dags
[2026-10-06T00:14:36.089+0000] {manager.py:738} INFO - Searching for files in /opt/airflow/dags
[2026-10-06T00:14:36.096+0000] {manager.py:741} INFO - There are 0 files in /opt/airflow/dags
[2026-10-06T00:31:49.252+0000] {manager.py:738} INFO - Searching for files in /opt/airflow/dags
[2026-10-06T00:31:49.260+0000] {manager.py:741} INFO - There are 0 files in /opt/airflow/dags
[2026-10-06T00:58:33.644+0000] {manager.py:738} INFO - Searching for files in /opt/airflow/dags
[2026-10-06T00:58:33.650+0000] {manager.py:741} INFO - There are 0 files in /opt/airflow/dags
[2026-10-06T01:18:15.783+0000] {manager.py:738} INFO - Searching for files in /opt/airflow/dags
[2026-10-06T01:18:15.789+0000] {manager.py:741} INFO - There are 0 files in /opt/airflow/dags
[2026-10-06T01:37:25.479+0000] {manager.py:738} INFO - Searching for files in /opt/airflow/dags
[2026-10-06T01:37:25.482+0000] {manager.py:741} INFO - There are 0 files in /opt/airflow/dags
[2026-10-06T02:13:49.675+0000] {manager.py:738} INFO - Searching for files in /opt/airflow/dags
[2026-10-06T02:13:49.682+0000] {manager.py:741} INFO - There are 0 files in /opt/airflow/dags
[2026-10-06T02:38:42.078+0000] {manager.py:738} INFO - Searching for files in /opt/airflow/dags
[2026-10-06T02:38:42.083+0000] {manager.py:741} INFO - There are 0 files in /opt/airflow/dags
[2026-10-06T03:43:20.814+0000] {manager.py:738} INFO - Searching for files in /opt/airflow/dags
[2026-10-06T03:43:20.818+0000] {manager.py:741} INFO - There are 0 files in /opt/airflow/dags
[2026-10-06T04:44:20.277+0000] {manager.py:738} INFO - Searching for files in /opt/airflow/dags
[2026-10-06T04:44:20.286+0000] {manager.py:741} INFO - There are 0 files in /opt/airflow/dags
[2026-10-06T06:00:39.917+0000] {manager.py:738} INFO - Searching for files in /opt/airflow/dags
[2026-10-06T06:00:39.935+0000] {manager.py:741} INFO - There are 0 files in /opt/airflow/dags
[2026-10-06T07:19:37.596+0000] {manager.py:738} INFO - Searching for files in /opt/airflow/dags
[2026-10-06T07:19:37.602+0000] {manager.py:741} INFO - There are 0 files in /opt/airflow/dags
[2026-10-06T08:37:27.027+0000] {manager.py:738} INFO - Searching for files in /opt/airflow/dags
[2026-10-06T08:37:27.032+0000] {manager.py:741} INFO - There are 0 files in /opt/airflow/dags
[2026-10-06T09:49:21.590+0000] {manager.py:738} INFO - Searching for files in /opt/airflow/dags
[2026-10-06T09:49:21.593+0000] {manager.py:741} INFO - There are 0 files in /opt/airflow/dags
[2026-10-06T10:51:41.018+0000] {manager.py:738} INFO - Searching for files in /opt/airflow/dags
[2026-10-06T10:51:41.022+0000] {manager.py:741} INFO - There are 0 files in /opt/airflow/dags
[2026-10-06T12:07:52.498+0000] {manager.py:738} INFO - Searching for files in /opt/airflow/dags
[2026-10-06T12:07:52.503+0000] {manager.py:741} INFO - There are 0 files in /opt/airflow/dags
[2026-10-06T13:24:09.218+0000] {manager.py:738} INFO - Searching for files in /opt/airflow/dags
[2026-10-06T13:24:09.252+0000] {manager.py:741} INFO - There are 0 files in /opt/airflow/dags
[2026-10-06T14:08:59.640+0000] {manager.py:738} INFO - Searching for files in /opt/airflow/dags
[2026-10-06T14:08:59.643+0000] {manager.py:741} INFO - There are 0 files in /opt/airflow/dags
[2026-10-06T14:28:06.327+0000] {manager.py:738} INFO - Searching for files in /opt/airflow/dags
[2026-10-06T14:28:06.331+0000] {manager.py:741} INFO - There are 0 files in /opt/airflow/dags
[2026-10-06T14:45:24.781+0000] {manager.py:738} INFO - Searching for files in /opt/airflow/dags
[2026-10-06T14:45:24.786+0000] {manager.py:741} INFO - There are 0 files in /opt/airflow/dags
[2026-10-06T15:11:29.227+0000] {manager.py:738} INFO - Searching for files in /opt/airflow/dags
[2026-10-06T15:11:29.230+0000] {manager.py:741} INFO - There are 0 files in /opt/airflow/dags
[2026-10-06T15:37:20.878+0000] {manager.py:738} INFO - Searching for files in /opt/airflow/dags
[2026-10-06T15:37:20.910+0000] {manager.py:741} INFO - There are 0 files in /opt/airflow/dags
[2026-10-06T15:48:16.560+0000] {manager.py:738} INFO - Searching for files in /opt/airflow/dags
[2026-10-06T15:48:16.563+0000] {manager.py:741} INFO - There are 0 files in /opt/airflow/dags
[2026-10-06T15:49:45.094+0000] {manager.py:451} INFO - Exiting gracefully upon receiving signal 15
[2026-10-06T15:50:24.879+0000] {manager.py:469} INFO - Processing files using up to 2 processes at a time 
[2026-10-06T15:50:24.881+0000] {manager.py:470} INFO - Process each file at most once every 10 seconds
[2026-10-06T15:50:24.881+0000] {manager.py:471} INFO - Checking for new files in /opt/airflow/dags every 300 seconds
[2026-10-06T15:50:24.882+0000] {manager.py:738} INFO - Searching for files in /opt/airflow/dags
[2026-10-06T15:50:24.893+0000] {manager.py:741} INFO - There are 0 files in /opt/airflow/dags
[2026-10-06T15:55:25.772+0000] {manager.py:738} INFO - Searching for files in /opt/airflow/dags
[2026-10-06T15:55:25.777+0000] {manager.py:741} INFO - There are 0 files in /opt/airflow/dags
[2026-10-06T16:00:26.350+0000] {manager.py:738} INFO - Searching for files in /opt/airflow/dags
[2026-10-06T16:00:26.356+0000] {manager.py:741} INFO - There are 0 files in /opt/airflow/dags
[2026-10-06T16:05:26.970+0000] {manager.py:738} INFO - Searching for files in /opt/airflow/dags
[2026-10-06T16:05:26.976+0000] {manager.py:741} INFO - There are 0 files in /opt/airflow/dags
[2026-10-06T16:42:15.213+0000] {manager.py:738} INFO - Searching for files in /opt/airflow/dags
[2026-10-06T16:42:15.216+0000] {manager.py:741} INFO - There are 0 files in /opt/airflow/dags
[2026-10-06T18:03:24.126+0000] {manager.py:738} INFO - Searching for files in /opt/airflow/dags
[2026-10-06T18:03:24.129+0000] {manager.py:741} INFO - There are 0 files in /opt/airflow/dags
[2026-10-06T18:34:34.768+0000] {manager.py:738} INFO - Searching for files in /opt/airflow/dags
[2026-10-06T18:34:34.772+0000] {manager.py:741} INFO - There are 0 files in /opt/airflow/dags
[2026-10-06T18:39:35.621+0000] {manager.py:738} INFO - Searching for files in /opt/airflow/dags
[2026-10-06T18:39:35.629+0000] {manager.py:741} INFO - There are 0 files in /opt/airflow/dags
[2026-10-06T18:44:35.987+0000] {manager.py:738} INFO - Searching for files in /opt/airflow/dags
[2026-10-06T18:44:35.995+0000] {manager.py:741} INFO - There are 0 files in /opt/airflow/dags
[2026-10-06T18:49:36.409+0000] {manager.py:738} INFO - Searching for files in /opt/airflow/dags
[2026-10-06T18:49:36.415+0000] {manager.py:741} INFO - There are 0 files in /opt/airflow/dags
[2026-10-06T18:52:40.198+0000] {manager.py:451} INFO - Exiting gracefully upon receiving signal 15
[2026-10-06T18:53:20.143+0000] {manager.py:469} INFO - Processing files using up to 2 processes at a time 
[2026-10-06T18:53:20.143+0000] {manager.py:470} INFO - Process each file at most once every 10 seconds
[2026-10-06T18:53:20.143+0000] {manager.py:471} INFO - Checking for new files in /opt/airflow/dags every 300 seconds
[2026-10-06T18:53:20.143+0000] {manager.py:738} INFO - Searching for files in /opt/airflow/dags
[2026-10-06T18:53:20.144+0000] {manager.py:741} INFO - There are 0 files in /opt/airflow/dags
[2026-10-06T18:58:20.623+0000] {manager.py:738} INFO - Searching for files in /opt/airflow/dags
[2026-10-06T18:58:20.628+0000] {manager.py:741} INFO - There are 0 files in /opt/airflow/dags
[2026-10-06T19:03:21.184+0000] {manager.py:738} INFO - Searching for files in /opt/airflow/dags
[2026-10-06T19:03:21.191+0000] {manager.py:741} INFO - There are 0 files in /opt/airflow/dags
[2026-10-06T19:08:21.490+0000] {manager.py:738} INFO - Searching for files in /opt/airflow/dags
[2026-10-06T19:08:21.499+0000] {manager.py:741} INFO - There are 0 files in /opt/airflow/dags
[2026-10-06T19:10:29.969+0000] {manager.py:451} INFO - Exiting gracefully upon receiving signal 15
[2026-10-06T19:11:10.733+0000] {manager.py:469} INFO - Processing files using up to 2 processes at a time 
[2026-10-06T19:11:10.734+0000] {manager.py:470} INFO - Process each file at most once every 10 seconds
[2026-10-06T19:11:10.734+0000] {manager.py:471} INFO - Checking for new files in /opt/airflow/dags every 300 seconds
[2026-10-06T19:11:10.734+0000] {manager.py:738} INFO - Searching for files in /opt/airflow/dags
[2026-10-06T19:11:10.735+0000] {manager.py:741} INFO - There are 0 files in /opt/airflow/dags
[2026-10-06T19:16:11.297+0000] {manager.py:738} INFO - Searching for files in /opt/airflow/dags
[2026-10-06T19:16:11.303+0000] {manager.py:741} INFO - There are 0 files in /opt/airflow/dags
[2026-10-06T19:21:11.623+0000] {manager.py:738} INFO - Searching for files in /opt/airflow/dags
[2026-10-06T19:21:11.629+0000] {manager.py:741} INFO - There are 0 files in /opt/airflow/dags
[2026-10-06T19:26:12.191+0000] {manager.py:738} INFO - Searching for files in /opt/airflow/dags
[2026-10-06T19:26:12.198+0000] {manager.py:741} INFO - There are 0 files in /opt/airflow/dags
[2026-10-06T19:31:12.763+0000] {manager.py:738} INFO - Searching for files in /opt/airflow/dags
[2026-10-06T19:31:12.769+0000] {manager.py:741} INFO - There are 0 files in /opt/airflow/dags
[2026-10-06T19:36:13.365+0000] {manager.py:738} INFO - Searching for files in /opt/airflow/dags
[2026-10-06T19:36:13.372+0000] {manager.py:741} INFO - There are 0 files in /opt/airflow/dags
[2026-10-06T19:41:13.980+0000] {manager.py:738} INFO - Searching for files in /opt/airflow/dags
[2026-10-06T19:41:13.986+0000] {manager.py:741} INFO - There are 0 files in /opt/airflow/dags
[2026-10-06T19:43:27.179+0000] {manager.py:451} INFO - Exiting gracefully upon receiving signal 15
[2026-10-06T19:44:05.387+0000] {manager.py:469} INFO - Processing files using up to 2 processes at a time 
[2026-10-06T19:44:05.388+0000] {manager.py:470} INFO - Process each file at most once every 10 seconds
[2026-10-06T19:44:05.389+0000] {manager.py:471} INFO - Checking for new files in /opt/airflow/dags every 300 seconds
[2026-10-06T19:44:05.391+0000] {manager.py:738} INFO - Searching for files in /opt/airflow/dags
[2026-10-06T19:44:05.394+0000] {manager.py:741} INFO - There are 0 files in /opt/airflow/dags
[2026-10-06T19:49:05.827+0000] {manager.py:738} INFO - Searching for files in /opt/airflow/dags
[2026-10-06T19:49:05.834+0000] {manager.py:741} INFO - There are 0 files in /opt/airflow/dags
[2026-10-06T19:54:06.171+0000] {manager.py:738} INFO - Searching for files in /opt/airflow/dags
[2026-10-06T19:54:06.178+0000] {manager.py:741} INFO - There are 0 files in /opt/airflow/dags
[2026-10-06T19:59:06.523+0000] {manager.py:738} INFO - Searching for files in /opt/airflow/dags
[2026-10-06T19:59:06.530+0000] {manager.py:741} INFO - There are 0 files in /opt/airflow/dags
[2026-10-06T20:04:06.686+0000] {manager.py:738} INFO - Searching for files in /opt/airflow/dags
[2026-10-06T20:04:06.693+0000] {manager.py:741} INFO - There are 0 files in /opt/airflow/dags
[2026-10-06T20:09:06.767+0000] {manager.py:738} INFO - Searching for files in /opt/airflow/dags
[2026-10-06T20:09:06.771+0000] {manager.py:741} INFO - There are 0 files in /opt/airflow/dags
[2026-10-06T20:27:01.809+0000] {manager.py:738} INFO - Searching for files in /opt/airflow/dags
[2026-10-06T20:27:01.812+0000] {manager.py:741} INFO - There are 0 files in /opt/airflow/dags
[2026-10-06T20:43:00.123+0000] {manager.py:738} INFO - Searching for files in /opt/airflow/dags
[2026-10-06T20:43:00.129+0000] {manager.py:741} INFO - There are 0 files in /opt/airflow/dags
[2026-10-06T21:02:58.991+0000] {manager.py:738} INFO - Searching for files in /opt/airflow/dags
[2026-10-06T21:02:58.999+0000] {manager.py:741} INFO - There are 0 files in /opt/airflow/dags
[2026-10-06T21:07:59.282+0000] {manager.py:738} INFO - Searching for files in /opt/airflow/dags
[2026-10-06T21:07:59.289+0000] {manager.py:741} INFO - There are 0 files in /opt/airflow/dags
[2026-10-06T21:12:59.418+0000] {manager.py:738} INFO - Searching for files in /opt/airflow/dags
[2026-10-06T21:12:59.424+0000] {manager.py:741} INFO - There are 0 files in /opt/airflow/dags
[2026-10-06T21:17:59.442+0000] {manager.py:738} INFO - Searching for files in /opt/airflow/dags
[2026-10-06T21:17:59.449+0000] {manager.py:741} INFO - There are 0 files in /opt/airflow/dags
[2026-10-06T21:22:59.833+0000] {manager.py:738} INFO - Searching for files in /opt/airflow/dags
[2026-10-06T21:22:59.841+0000] {manager.py:741} INFO - There are 0 files in /opt/airflow/dags
[2026-10-06T22:17:16.472+0000] {manager.py:738} INFO - Searching for files in /opt/airflow/dags
[2026-10-06T22:17:16.476+0000] {manager.py:741} INFO - There are 0 files in /opt/airflow/dags
[2026-10-06T23:42:22.914+0000] {manager.py:738} INFO - Searching for files in /opt/airflow/dags
[2026-10-06T23:42:22.918+0000] {manager.py:741} INFO - There are 0 files in /opt/airflow/dags
[2026-10-07T00:03:26.785+0000] {manager.py:738} INFO - Searching for files in /opt/airflow/dags
[2026-10-07T00:03:26.793+0000] {manager.py:741} INFO - There are 0 files in /opt/airflow/dags
[2026-10-07T00:20:19.873+0000] {manager.py:738} INFO - Searching for files in /opt/airflow/dags
[2026-10-07T00:20:19.878+0000] {manager.py:741} INFO - There are 0 files in /opt/airflow/dags
[2026-10-07T00:43:14.202+0000] {manager.py:738} INFO - Searching for files in /opt/airflow/dags
[2026-10-07T00:43:14.207+0000] {manager.py:741} INFO - There are 0 files in /opt/airflow/dags
[2026-10-07T01:03:52.929+0000] {manager.py:738} INFO - Searching for files in /opt/airflow/dags
[2026-10-07T01:03:52.938+0000] {manager.py:741} INFO - There are 0 files in /opt/airflow/dags
[2026-10-07T01:23:12.522+0000] {manager.py:738} INFO - Searching for files in /opt/airflow/dags
[2026-10-07T01:23:12.527+0000] {manager.py:741} INFO - There are 0 files in /opt/airflow/dags
[2026-10-07T01:46:58.597+0000] {manager.py:738} INFO - Searching for files in /opt/airflow/dags
[2026-10-07T01:46:58.599+0000] {manager.py:741} INFO - There are 0 files in /opt/airflow/dags
[2026-10-07T02:29:55.488+0000] {manager.py:738} INFO - Searching for files in /opt/airflow/dags
[2026-10-07T02:29:55.492+0000] {manager.py:741} INFO - There are 0 files in /opt/airflow/dags
[2026-10-07T03:48:14.282+0000] {manager.py:738} INFO - Searching for files in /opt/airflow/dags
[2026-10-07T03:48:14.291+0000] {manager.py:741} INFO - There are 0 files in /opt/airflow/dags
[2026-10-07T04:47:42.017+0000] {manager.py:738} INFO - Searching for files in /opt/airflow/dags
[2026-10-07T04:47:42.030+0000] {manager.py:741} INFO - There are 0 files in /opt/airflow/dags
[2026-10-07T05:07:40.789+0000] {manager.py:738} INFO - Searching for files in /opt/airflow/dags
[2026-10-07T05:07:40.793+0000] {manager.py:741} INFO - There are 0 files in /opt/airflow/dags
[2026-10-07T05:26:26.843+0000] {manager.py:738} INFO - Searching for files in /opt/airflow/dags
[2026-10-07T05:26:26.847+0000] {manager.py:741} INFO - There are 0 files in /opt/airflow/dags
[2026-10-07T05:49:40.981+0000] {manager.py:738} INFO - Searching for files in /opt/airflow/dags
[2026-10-07T05:49:40.987+0000] {manager.py:741} INFO - There are 0 files in /opt/airflow/dags
[2026-10-07T06:10:56.163+0000] {manager.py:738} INFO - Searching for files in /opt/airflow/dags
[2026-10-07T06:10:56.170+0000] {manager.py:741} INFO - There are 0 files in /opt/airflow/dags
[2026-10-07T06:31:24.534+0000] {manager.py:738} INFO - Searching for files in /opt/airflow/dags
[2026-10-07T06:31:24.539+0000] {manager.py:741} INFO - There are 0 files in /opt/airflow/dags
[2026-10-07T06:48:23.691+0000] {manager.py:738} INFO - Searching for files in /opt/airflow/dags
[2026-10-07T06:48:23.695+0000] {manager.py:741} INFO - There are 0 files in /opt/airflow/dags
[2026-10-07T07:05:58.216+0000] {manager.py:738} INFO - Searching for files in /opt/airflow/dags
[2026-10-07T07:05:58.220+0000] {manager.py:741} INFO - There are 0 files in /opt/airflow/dags
[2026-10-07T07:49:10.474+0000] {manager.py:738} INFO - Searching for files in /opt/airflow/dags
[2026-10-07T07:49:10.480+0000] {manager.py:741} INFO - There are 0 files in /opt/airflow/dags
[2026-10-07T08:05:05.410+0000] {manager.py:738} INFO - Searching for files in /opt/airflow/dags
[2026-10-07T08:05:05.416+0000] {manager.py:741} INFO - There are 0 files in /opt/airflow/dags
[2026-10-07T08:42:49.540+0000] {manager.py:738} INFO - Searching for files in /opt/airflow/dags
[2026-10-07T08:42:49.546+0000] {manager.py:741} INFO - There are 0 files in /opt/airflow/dags
[2026-10-07T09:00:10.039+0000] {manager.py:738} INFO - Searching for files in /opt/airflow/dags
[2026-10-07T09:00:10.059+0000] {manager.py:741} INFO - There are 0 files in /opt/airflow/dags
[2026-10-07T09:19:20.072+0000] {manager.py:738} INFO - Searching for files in /opt/airflow/dags
[2026-10-07T09:19:20.161+0000] {manager.py:741} INFO - There are 0 files in /opt/airflow/dags
[2026-10-07T09:36:00.244+0000] {manager.py:738} INFO - Searching for files in /opt/airflow/dags
[2026-10-07T09:36:00.249+0000] {manager.py:741} INFO - There are 0 files in /opt/airflow/dags
[2026-10-07T09:58:02.405+0000] {manager.py:738} INFO - Searching for files in /opt/airflow/dags
[2026-10-07T09:58:02.407+0000] {manager.py:741} INFO - There are 0 files in /opt/airflow/dags
[2026-10-07T10:03:03.183+0000] {manager.py:738} INFO - Searching for files in /opt/airflow/dags
[2026-10-07T10:03:03.211+0000] {manager.py:741} INFO - There are 0 files in /opt/airflow/dags
[2026-10-07T10:08:03.611+0000] {manager.py:738} INFO - Searching for files in /opt/airflow/dags
[2026-10-07T10:08:03.618+0000] {manager.py:741} INFO - There are 0 files in /opt/airflow/dags
[2026-10-07T10:13:03.797+0000] {manager.py:738} INFO - Searching for files in /opt/airflow/dags
[2026-10-07T10:13:03.805+0000] {manager.py:741} INFO - There are 0 files in /opt/airflow/dags
[2026-10-07T10:18:04.008+0000] {manager.py:738} INFO - Searching for files in /opt/airflow/dags
[2026-10-07T10:18:04.016+0000] {manager.py:741} INFO - There are 0 files in /opt/airflow/dags
[2026-10-07T10:23:04.104+0000] {manager.py:738} INFO - Searching for files in /opt/airflow/dags
[2026-10-07T10:23:04.112+0000] {manager.py:741} INFO - There are 0 files in /opt/airflow/dags
[2026-10-07T10:28:04.338+0000] {manager.py:738} INFO - Searching for files in /opt/airflow/dags
[2026-10-07T10:28:04.347+0000] {manager.py:741} INFO - There are 1 files in /opt/airflow/dags
[2026-10-07T10:28:28.349+0000] {manager.py:879} INFO - 
================================================================================
DAG File Processing Stats

File Path                                    PID    Runtime      # DAGs    # Errors  Last Runtime    Last Run
-------------------------------------------  -----  ---------  --------  ----------  --------------  -------------------
/opt/airflow/dags/stock_market_batch_dag.py                           0           1  0.11s           2026-10-07T10:28:25
================================================================================
[2026-10-07T10:28:58.626+0000] {manager.py:879} INFO - 
================================================================================
DAG File Processing Stats

File Path                                    PID    Runtime      # DAGs    # Errors  Last Runtime    Last Run
-------------------------------------------  -----  ---------  --------  ----------  --------------  -------------------
/opt/airflow/dags/stock_market_batch_dag.py                           0           1  0.05s           2026-10-07T10:28:55
================================================================================
[2026-10-07T10:29:28.980+0000] {manager.py:879} INFO - 
================================================================================
DAG File Processing Stats

File Path                                    PID    Runtime      # DAGs    # Errors  Last Runtime    Last Run
-------------------------------------------  -----  ---------  --------  ----------  --------------  -------------------
/opt/airflow/dags/stock_market_batch_dag.py                           0           1  0.08s           2026-10-07T10:29:25
================================================================================
